[      19ms] [LOG] [Fast Refresh] done in 1146ms @ http://localhost:3000/_next/static/chunks/node_modules_next_dist_1e8vcs8._.js:776
[     430ms] [INFO] %cDownload the React DevTools for a better development experience: https://react.dev/link/react-devtools font-weight:bold @ http://localhost:3000/_next/static/chunks/node_modules_next_dist_1e8vcs8._.js:776
[     462ms] [LOG] [HMR] connected @ http://localhost:3000/_next/static/chunks/node_modules_next_dist_1e8vcs8._.js:776
[    1426ms] [WARNING] A PressResponder was rendered without a pressable child. Either call the usePress hook, or wrap your DOM node with <Pressable> component. @ http://localhost:3000/_next/static/chunks/node_modules_next_dist_1e8vcs8._.js:776
[    1489ms] [WARNING] If you do not provide a visible label, you must specify an aria-label or aria-labelledby attribute for accessibility @ http://localhost:3000/_next/static/chunks/node_modules_next_dist_1e8vcs8._.js:776
[    1496ms] [WARNING] If you do not provide a visible label, you must specify an aria-label or aria-labelledby attribute for accessibility @ http://localhost:3000/_next/static/chunks/node_modules_next_dist_1e8vcs8._.js:776
[    1530ms] [WARNING] If you do not provide a visible label, you must specify an aria-label or aria-labelledby attribute for accessibility @ http://localhost:3000/_next/static/chunks/node_modules_next_dist_1e8vcs8._.js:776
[    1531ms] [WARNING] If you do not provide a visible label, you must specify an aria-label or aria-labelledby attribute for accessibility @ http://localhost:3000/_next/static/chunks/node_modules_next_dist_1e8vcs8._.js:776
[    1571ms] [WARNING] If you do not provide a visible label, you must specify an aria-label or aria-labelledby attribute for accessibility @ http://localhost:3000/_next/static/chunks/node_modules_next_dist_1e8vcs8._.js:776
[    1572ms] [WARNING] If you do not provide a visible label, you must specify an aria-label or aria-labelledby attribute for accessibility @ http://localhost:3000/_next/static/chunks/node_modules_next_dist_1e8vcs8._.js:776
[    1620ms] [INFO] Banner not shown: beforeinstallpromptevent.preventDefault() called. The page must call beforeinstallpromptevent.prompt() to show the banner. @ http://localhost:3000/user/testuser:0
[    1751ms] [LOG] [Fast Refresh] rebuilding @ http://localhost:3000/_next/static/chunks/node_modules_next_dist_1e8vcs8._.js:776
[    1752ms] [LOG] [Fast Refresh] done in 124ms @ http://localhost:3000/_next/static/chunks/node_modules_next_dist_1e8vcs8._.js:776
[    2069ms] [LOG] [Fast Refresh] rebuilding @ http://localhost:3000/_next/static/chunks/node_modules_next_dist_1e8vcs8._.js:776
[    2364ms] [LOG] [Fast Refresh] done in 401ms @ http://localhost:3000/_next/static/chunks/node_modules_next_dist_1e8vcs8._.js:776
[   71263ms] [LOG] [Fast Refresh] rebuilding @ http://localhost:3000/_next/static/chunks/node_modules_next_dist_1e8vcs8._.js:776
[   72805ms] [LOG] [Fast Refresh] done in 1649ms @ http://localhost:3000/_next/static/chunks/node_modules_next_dist_1e8vcs8._.js:776
[   74401ms] [INFO] %cDownload the React DevTools for a better development experience: https://react.dev/link/react-devtools font-weight:bold @ http://localhost:3000/_next/static/chunks/node_modules_next_dist_1e8vcs8._.js:776
[   74461ms] [LOG] [HMR] connected @ http://localhost:3000/_next/static/chunks/node_modules_next_dist_1e8vcs8._.js:776
[   74908ms] [INFO] Banner not shown: beforeinstallpromptevent.preventDefault() called. The page must call beforeinstallpromptevent.prompt() to show the banner. @ http://localhost:3000/user/testuser:0
[   75164ms] [WARNING] A PressResponder was rendered without a pressable child. Either call the usePress hook, or wrap your DOM node with <Pressable> component. @ http://localhost:3000/_next/static/chunks/node_modules_next_dist_1e8vcs8._.js:776
[   75225ms] [WARNING] If you do not provide a visible label, you must specify an aria-label or aria-labelledby attribute for accessibility @ http://localhost:3000/_next/static/chunks/node_modules_next_dist_1e8vcs8._.js:776
[   75232ms] [WARNING] If you do not provide a visible label, you must specify an aria-label or aria-labelledby attribute for accessibility @ http://localhost:3000/_next/static/chunks/node_modules_next_dist_1e8vcs8._.js:776
[   75244ms] [WARNING] If you do not provide a visible label, you must specify an aria-label or aria-labelledby attribute for accessibility @ http://localhost:3000/_next/static/chunks/node_modules_next_dist_1e8vcs8._.js:776
[   75246ms] [WARNING] If you do not provide a visible label, you must specify an aria-label or aria-labelledby attribute for accessibility @ http://localhost:3000/_next/static/chunks/node_modules_next_dist_1e8vcs8._.js:776
[   75367ms] [WARNING] If you do not provide a visible label, you must specify an aria-label or aria-labelledby attribute for accessibility @ http://localhost:3000/_next/static/chunks/node_modules_next_dist_1e8vcs8._.js:776
[   75367ms] [WARNING] If you do not provide a visible label, you must specify an aria-label or aria-labelledby attribute for accessibility @ http://localhost:3000/_next/static/chunks/node_modules_next_dist_1e8vcs8._.js:776
[   96202ms] [LOG] [Fast Refresh] rebuilding @ http://localhost:3000/_next/static/chunks/node_modules_next_dist_1e8vcs8._.js:776
[   97058ms] [LOG] [Fast Refresh] done in 964ms @ http://localhost:3000/_next/static/chunks/node_modules_next_dist_1e8vcs8._.js:776
